[INFO] [1780341172.401473364] [mujoco_ros2_control]: loaded mujoco model
[INFO] [1780341172.401633845] [mujoco_ros2_control]: Created mujoco data
[INFO] [1780341172.401638743] [mujoco_ros2_control]: init controller manager
[INFO] [1780341172.403620286] [car_system]: Initializing Hardware Interface
[INFO] [1780341172.403629188] [car_system]:   left_front_hip_joint
[INFO] [1780341172.403728569] [car_system]:   left_rear_hip_joint
[INFO] [1780341172.403762569] [car_system]:   left_wheel_joint
[INFO] [1780341172.403788714] [car_system]:   right_front_hip_joint
[INFO] [1780341172.403812802] [car_system]:   right_rear_hip_joint
[INFO] [1780341172.403836399] [car_system]:   right_wheel_joint
[INFO] [1780341172.403864173] [l1_motor]: added effort actuator for joint: left_front_hip_joint
[INFO] [1780341172.403866850] [l2_motor]: added effort actuator for joint: left_rear_hip_joint
[INFO] [1780341172.403868726] [lw_motor]: added effort actuator for joint: left_wheel_joint
[INFO] [1780341172.403870458] [r1_motor]: added effort actuator for joint: right_front_hip_joint
[INFO] [1780341172.403872108] [r2_motor]: added effort actuator for joint: right_rear_hip_joint
[INFO] [1780341172.403873743] [rw_motor]: added effort actuator for joint: right_wheel_joint
[INFO] [1780341172.403877580] [resource_manager]: Initialize hardware 'car_system' 
[INFO] [1780341172.403899517] [resource_manager]: Successful initialization of hardware 'car_system'
[INFO] [1780341172.403913578] [resource_manager]: 'configure' hardware 'car_system' 
[INFO] [1780341172.403917375] [resource_manager]: Successful 'configure' of hardware 'car_system'
[INFO] [1780341172.403921063] [resource_manager]: 'activate' hardware 'car_system' 
[INFO] [1780341172.403923848] [resource_manager]: Successful 'activate' of hardware 'car_system'
[INFO] [1780341172.532716891] [controller_manager]: Loading controller 'mujoco_sim_controller'
[INFO] [1780341172.564372924] [controller_manager]: Configuring controller 'mujoco_sim_controller'
[INFO] [1780341172.564480994] [mujoco_sim_controller]: MuJoCo sim middle controller exports motor targets under 'mujoco_sim_controller'
[FATAL] [1780341172.564530264] [mujoco_sim_controller]: The name of the interface 'mujoco_sim_controller/left_front_hip_joint/position' does not begin with the controller's name. This is mandatory  for reference interfaces. No reference interface will be exported. Please correct and recompile the controller with name 'mujoco_sim_controller' and try again.
[ERROR] [1780341172.564542157] [controller_manager]: Controller 'mujoco_sim_controller' is chainable, but does not export any reference interfaces.
[INFO] [1780341207.163217626] [rclcpp]: signal_handler(signum=15)
[INFO] [1780341207.163329616] [controller_manager]: Shutdown request received....
[INFO] [1780341207.163407241] [controller_manager]: Shutting down all controllers in the controller manager.
[INFO] [1780341207.163426481] [controller_manager]: Shutting down controller 'mujoco_sim_controller'
[INFO] [1780341207.163467923] [resource_manager]: 'deactivate' hardware 'car_system' 
[INFO] [1780341207.163480987] [resource_manager]: Successful 'deactivate' of hardware 'car_system'
[INFO] [1780341207.163486455] [resource_manager]: 'shutdown' hardware 'car_system' 
[INFO] [1780341207.163491778] [resource_manager]: Successful 'shutdown' of hardware 'car_system'
[INFO] [1780341207.163495928] [controller_manager]: Shutting down the controller manager.
