[INFO] [1780426681.056657045] [mujoco_ros2_control]: loaded mujoco model
[INFO] [1780426681.056956087] [mujoco_ros2_control]: Created mujoco data
[INFO] [1780426681.056969145] [mujoco_ros2_control]: init controller manager
[INFO] [1780426681.060335834] [car_system]: Initializing Hardware Interface
[INFO] [1780426681.060349864] [car_system]:   left_front_hip_joint
[INFO] [1780426681.060525259] [car_system]:   left_rear_hip_joint
[INFO] [1780426681.060587420] [car_system]:   left_wheel_joint
[INFO] [1780426681.060643346] [car_system]:   right_front_hip_joint
[INFO] [1780426681.060695916] [car_system]:   right_rear_hip_joint
[INFO] [1780426681.060754578] [car_system]:   right_wheel_joint
[INFO] [1780426681.060815217] [l1_motor]: added effort actuator for joint: left_front_hip_joint
[INFO] [1780426681.060821712] [l2_motor]: added effort actuator for joint: left_rear_hip_joint
[INFO] [1780426681.060826304] [lw_motor]: added effort actuator for joint: left_wheel_joint
[INFO] [1780426681.060830453] [r1_motor]: added effort actuator for joint: right_front_hip_joint
[INFO] [1780426681.060835111] [r2_motor]: added effort actuator for joint: right_rear_hip_joint
[INFO] [1780426681.060839264] [rw_motor]: added effort actuator for joint: right_wheel_joint
[INFO] [1780426681.060846755] [resource_manager]: Initialize hardware 'car_system' 
[INFO] [1780426681.060890144] [resource_manager]: Successful initialization of hardware 'car_system'
[INFO] [1780426681.060915821] [resource_manager]: 'configure' hardware 'car_system' 
[INFO] [1780426681.060924983] [resource_manager]: Successful 'configure' of hardware 'car_system'
[INFO] [1780426681.060933059] [resource_manager]: 'activate' hardware 'car_system' 
[INFO] [1780426681.060939517] [resource_manager]: Successful 'activate' of hardware 'car_system'
[INFO] [1780426681.175100816] [controller_manager]: Loading controller 'mujoco_sim_controller'
[INFO] [1780426681.212702130] [controller_manager]: Configuring controller 'mujoco_sim_controller'
[INFO] [1780426681.212918038] [mujoco_sim_controller]: MuJoCo sim middle controller exports motor targets under 'mujoco_sim_controller'
[WARN] [1780426681.297418632] [pose_sensor_registration]: Pose sensor have only Orientation
[INFO] [1780426681.300566445] [pose_sensor_registration]: [imu] frame: imu
[INFO] [1780426681.302903068] [imu_sensor_registration]: [imu] frame: imu
[INFO] [1780426681.302918782] [mujoco_ros2_control]: Sim environment setup complete
[INFO] [1780426681.869737930] [controller_manager]: Loading controller 'lqr_controller'
[INFO] [1780426681.879346987] [controller_manager]: Configuring controller 'lqr_controller'
[INFO] [1780426715.813758292] [rclcpp]: signal_handler(signum=15)
[INFO] [1780426715.813850908] [controller_manager]: Shutdown request received....
[INFO] [1780426715.813906696] [controller_manager]: Shutting down all controllers in the controller manager.
[INFO] [1780426715.813927616] [controller_manager]: Deactivating controller 'lqr_controller'
[INFO] [1780426715.813962143] [controller_manager]: Shutting down controller 'lqr_controller'
[INFO] [1780426715.813987440] [controller_manager]: Deactivating controller 'mujoco_sim_controller'
[INFO] [1780426715.814006773] [controller_manager]: Shutting down controller 'mujoco_sim_controller'
[INFO] [1780426715.814031019] [resource_manager]: 'deactivate' hardware 'car_system' 
[INFO] [1780426715.814042534] [resource_manager]: Successful 'deactivate' of hardware 'car_system'
[INFO] [1780426715.814046935] [resource_manager]: 'shutdown' hardware 'car_system' 
[INFO] [1780426715.814051793] [resource_manager]: Successful 'shutdown' of hardware 'car_system'
[INFO] [1780426715.814055772] [controller_manager]: Shutting down the controller manager.
